
> build
> npm run build -w apps/api && npm run build -w apps/web


> api@0.0.1 build
> nest build

